#-----------------------------------------------------------
# Vivado v2024.2 (64-bit)
# SW Build 5239630 on Fri Nov 08 22:35:27 MST 2024
# IP Build 5239520 on Sun Nov 10 16:12:51 MST 2024
# SharedData Build 5239561 on Fri Nov 08 14:39:27 MST 2024
# Start of session at: Mon Jan 20 14:33:39 2025
# Process ID         : 14780
# Current directory  : P:/Windows/git/FPGA-Based-Ping-Pong-Game/ping_pong_game/ping_pong_game/ping_pong_game.runs/synth_1
# Command line       : vivado.exe -log top.vds -product Vivado -mode batch -messageDb vivado.pb -notrace -source top.tcl
# Log file           : P:/Windows/git/FPGA-Based-Ping-Pong-Game/ping_pong_game/ping_pong_game/ping_pong_game.runs/synth_1/top.vds
# Journal file       : P:/Windows/git/FPGA-Based-Ping-Pong-Game/ping_pong_game/ping_pong_game/ping_pong_game.runs/synth_1\vivado.jou
# Running On         : LAPTOP-NO25VPHV
# Platform           : Windows Server 2016 or Windows 10
# Operating System   : 26100
# Processor Detail   : 11th Gen Intel(R) Core(TM) i7-1165G7 @ 2.80GHz
# CPU Frequency      : 2803 MHz
# CPU Physical cores : 4
# CPU Logical cores  : 8
# Host memory        : 8269 MB
# Swap memory        : 9757 MB
# Total Virtual      : 18027 MB
# Available Virtual  : 3986 MB
#-----------------------------------------------------------
source top.tcl -notrace
